--------- beginning of main
06-22 03:21:33.638  2345  2345 I artd    : GetBestInfo: odex next to the dex file (/data/app/~~pON8V_hcHgmLH65jhDQwWg==/com.google.android.gms-Ihe2HlPEBd53rTDuUD9DKA==/oat/x86_64/split_DynamiteLoader_installtime.odex) is kOatUpToDate with filter 'speed' executable 'false'
06-22 03:21:33.641  2345  2345 I artd    : GetBestInfo: odex next to the dex file (/data/app/~~pON8V_hcHgmLH65jhDQwWg==/com.google.android.gms-Ihe2HlPEBd53rTDuUD9DKA==/oat/x86_64/split_DynamiteModulesA_installtime.odex) is kOatUpToDate with filter 'speed' executable 'false'
06-22 03:21:33.644  2345  2345 I artd    : GetBestInfo: odex next to the dex file (/data/app/~~pON8V_hcHgmLH65jhDQwWg==/com.google.android.gms-Ihe2HlPEBd53rTDuUD9DKA==/oat/x86_64/split_DynamiteModulesC_installtime.odex) is kOatUpToDate with filter 'speed' executable 'false'
06-22 03:21:33.647  2345  2353 I artd    : GetBestInfo: odex next to the dex file (/data/app/~~pON8V_hcHgmLH65jhDQwWg==/com.google.android.gms-Ihe2HlPEBd53rTDuUD9DKA==/oat/x86_64/split_GoogleCertificates_installtime.odex) is kOatUpToDate with filter 'speed' executable 'false'
06-22 03:21:33.649  2345  2353 I artd    : GetBestInfo: odex next to the dex file (/data/app/~~pON8V_hcHgmLH65jhDQwWg==/com.google.android.gms-Ihe2HlPEBd53rTDuUD9DKA==/oat/x86_64/split_MapsDynamite_installtime.odex) is kOatUpToDate with filter 'speed' executable 'false'
06-22 03:21:33.653  2345  2353 I artd    : GetBestInfo: odex next to the dex file (/data/app/~~pON8V_hcHgmLH65jhDQwWg==/com.google.android.gms-Ihe2HlPEBd53rTDuUD9DKA==/oat/x86_64/split_MeasurementDynamite_installtime.odex) is kOatUpToDate with filter 'speed' executable 'false'
06-22 03:21:33.654  2345  2353 I artd    : GetBestInfo: /data/user_de/0/com.google.android.gms/app_chimera/m/00000001/CronetDynamite.apk has no usable artifacts
06-22 03:21:33.656  2345  2353 I artd    : GetBestInfo: /data/user_de/0/com.google.android.gms/app_chimera/m/00000014/dl-MlkitOcrCommon.optional_262233100800.apk has no usable artifacts
06-22 03:21:33.658  2345  2353 I artd    : GetBestInfo: /data/user_de/0/com.google.android.gms/app_chimera/m/00000002/DynamiteLoader.apk has no usable artifacts
06-22 03:21:33.658  2345  2353 I artd    : GetBestInfo: /data/user_de/0/com.google.android.gms/app_chimera/m/00000005/GoogleCertificates.apk has no usable artifacts
06-22 03:21:33.660  2345  2345 I artd    : GetBestInfo: /data/user_de/0/com.google.android.gms/app_chimera/m/00000013/dl-MlkitBarcodeUi.optional_262233100800.apk has no usable artifacts
06-22 03:21:33.663  2345  2353 I artd    : GetBestInfo: /data/user_de/0/com.google.android.gms/app_chimera/m/00000008/dl-MlkitBarcodeUi.optional_250834100800.apk has no usable artifacts
06-22 03:21:33.666  2345  2353 I artd    : GetBestInfo: /data/user_de/0/com.google.android.gms/app_chimera/m/00000019/dl-IdentityCredentialsPlatform.optional_262233100800.apk has no usable artifacts
06-22 03:21:33.670  2345  2353 I artd    : GetBestInfo: /data/user_de/0/com.google.android.gms/app_chimera/m/00000015/dl-PlayCloudSearch.optional_262233100000.apk has no usable artifacts
06-22 03:21:33.673  2345  2353 I artd    : GetBestInfo: /data/user_de/0/com.google.android.gms/app_chimera/m/0000000a/dl-Appsearch.optional_250834100800.apk has no usable artifacts
06-22 03:21:33.675  2345  2353 I artd    : GetBestInfo: /data/user_de/0/com.google.android.gms/app_chimera/m/0000000c/dl-TfliteDynamiteDynamite.integ_260580502100800.apk has no usable artifacts
06-22 03:21:33.678  2345  2353 I artd    : GetBestInfo: vdex next to the dex file (/data/user/0/com.google.android.gms/app_dg_cache/9BCBC14EE674B00B958D4B0C5B4BD883630AA39E/oat/x86_64/the.vdex) is kOatUpToDate with filter 'verify' executable 'false'
06-22 03:21:33.681  2345  2353 I artd    : GetBestInfo: /data/user_de/0/com.google.android.gms/app_chimera/m/00000017/dl-Appsearch.optional_262233100800.apk has no usable artifacts
06-22 03:21:33.684  2345  2353 I artd    : GetBestInfo: /data/user_de/0/com.google.android.gms/app_chimera/m/00000016/dl-VisionOcr.optional_262233100000.apk has no usable artifacts
06-22 03:21:33.687  2345  2353 I artd    : GetBestInfo: /data/user_de/0/com.google.android.gms/app_chimera/m/00000007/MeasurementDynamite.apk has no usable artifacts
06-22 03:21:34.992   931   931 I wpa_supplicant: wlan0: CTRL-EVENT-BEACON-LOSS 
06-22 03:21:39.375  1070  1288 D SatelliteController: iisInCarrierRoamingNbIotNtn: satellite is disabled
06-22 03:21:39.844  1540  1882 I bbax    : (REDACTED) getHotwordActive::active query: %s, watch: %s, devices connected: %s
06-22 03:21:42.929   931   931 I wpa_supplicant: wlan0: CTRL-EVENT-BEACON-LOSS 
06-22 03:21:43.375  7409  7409 W dumpsys : Thread Pool max thread count is 0. Cannot cache binder as linkToDeath cannot be implemented. serviceName: package
06-22 03:21:43.671  2345  2353 I artd    : GetBestInfo: odex next to the dex file (/data/app/~~pON8V_hcHgmLH65jhDQwWg==/com.google.android.gms-Ihe2HlPEBd53rTDuUD9DKA==/oat/x86_64/base.odex) is kOatUpToDate with filter 'speed-profile' executable 'false'
06-22 03:21:43.674  2345  2353 I artd    : GetBestInfo: odex next to the dex file (/data/app/~~pON8V_hcHgmLH65jhDQwWg==/com.google.android.gms-Ihe2HlPEBd53rTDuUD9DKA==/oat/x86_64/split_AdsDynamite_installtime.odex) is kOatUpToDate with filter 'speed' executable 'false'
06-22 03:21:43.678  2345  2353 I artd    : GetBestInfo: odex next to the dex file (/data/app/~~pON8V_hcHgmLH65jhDQwWg==/com.google.android.gms-Ihe2HlPEBd53rTDuUD9DKA==/oat/x86_64/split_CronetDynamite_installtime.odex) is kOatUpToDate with filter 'speed' executable 'false'
06-22 03:21:43.684  2345  2353 I artd    : GetBestInfo: odex next to the dex file (/data/app/~~pON8V_hcHgmLH65jhDQwWg==/com.google.android.gms-Ihe2HlPEBd53rTDuUD9DKA==/oat/x86_64/split_DynamiteLoader_installtime.odex) is kOatUpToDate with filter 'speed' executable 'false'
06-22 03:21:43.689  2345  2353 I artd    : GetBestInfo: odex next to the dex file (/data/app/~~pON8V_hcHgmLH65jhDQwWg==/com.google.android.gms-Ihe2HlPEBd53rTDuUD9DKA==/oat/x86_64/split_DynamiteModulesA_installtime.odex) is kOatUpToDate with filter 'speed' executable 'false'
06-22 03:21:43.693  2345  2353 I artd    : GetBestInfo: odex next to the dex file (/data/app/~~pON8V_hcHgmLH65jhDQwWg==/com.google.android.gms-Ihe2HlPEBd53rTDuUD9DKA==/oat/x86_64/split_DynamiteModulesC_installtime.odex) is kOatUpToDate with filter 'speed' executable 'false'
06-22 03:21:43.697  2345  2353 I artd    : GetBestInfo: odex next to the dex file (/data/app/~~pON8V_hcHgmLH65jhDQwWg==/com.google.android.gms-Ihe2HlPEBd53rTDuUD9DKA==/oat/x86_64/split_GoogleCertificates_installtime.odex) is kOatUpToDate with filter 'speed' executable 'false'
06-22 03:21:43.701  2345  2353 I artd    : GetBestInfo: odex next to the dex file (/data/app/~~pON8V_hcHgmLH65jhDQwWg==/com.google.android.gms-Ihe2HlPEBd53rTDuUD9DKA==/oat/x86_64/split_MapsDynamite_installtime.odex) is kOatUpToDate with filter 'speed' executable 'false'
06-22 03:21:43.706  2345  2353 I artd    : GetBestInfo: odex next to the dex file (/data/app/~~pON8V_hcHgmLH65jhDQwWg==/com.google.android.gms-Ihe2HlPEBd53rTDuUD9DKA==/oat/x86_64/split_MeasurementDynamite_installtime.odex) is kOatUpToDate with filter 'speed' executable 'false'
06-22 03:21:43.707  2345  2353 I artd    : GetBestInfo: /data/user_de/0/com.google.android.gms/app_chimera/m/00000001/CronetDynamite.apk has no usable artifacts
06-22 03:21:43.710  2345  2353 I artd    : GetBestInfo: /data/user_de/0/com.google.android.gms/app_chimera/m/00000014/dl-MlkitOcrCommon.optional_262233100800.apk has no usable artifacts
06-22 03:21:43.712  2345  2353 I artd    : GetBestInfo: /data/user_de/0/com.google.android.gms/app_chimera/m/00000002/DynamiteLoader.apk has no usable artifacts
06-22 03:21:43.712  2345  2353 I artd    : GetBestInfo: /data/user_de/0/com.google.android.gms/app_chimera/m/00000005/GoogleCertificates.apk has no usable artifacts
06-22 03:21:43.715  2345  2353 I artd    : GetBestInfo: /data/user_de/0/com.google.android.gms/app_chimera/m/00000013/dl-MlkitBarcodeUi.optional_262233100800.apk has no usable artifacts
06-22 03:21:43.718  2345  2353 I artd    : GetBestInfo: /data/user_de/0/com.google.android.gms/app_chimera/m/00000008/dl-MlkitBarcodeUi.optional_250834100800.apk has no usable artifacts
06-22 03:21:43.722  2345  2353 I artd    : GetBestInfo: /data/user_de/0/com.google.android.gms/app_chimera/m/00000019/dl-IdentityCredentialsPlatform.optional_262233100800.apk has no usable artifacts
06-22 03:21:43.726  2345  2353 I artd    : GetBestInfo: /data/user_de/0/com.google.android.gms/app_chimera/m/00000015/dl-PlayCloudSearch.optional_262233100000.apk has no usable artifacts
06-22 03:21:43.731  2345  2353 I artd    : GetBestInfo: /data/user_de/0/com.google.android.gms/app_chimera/m/0000000a/dl-Appsearch.optional_250834100800.apk has no usable artifacts
06-22 03:21:43.734  2345  2353 I artd    : GetBestInfo: /data/user_de/0/com.google.android.gms/app_chimera/m/0000000c/dl-TfliteDynamiteDynamite.integ_260580502100800.apk has no usable artifacts
06-22 03:21:43.737  2345  2353 I artd    : GetBestInfo: vdex next to the dex file (/data/user/0/com.google.android.gms/app_dg_cache/9BCBC14EE674B00B958D4B0C5B4BD883630AA39E/oat/x86_64/the.vdex) is kOatUpToDate with filter 'verify' executable 'false'
06-22 03:21:43.739  2345  2353 I artd    : GetBestInfo: /data/user_de/0/com.google.android.gms/app_chimera/m/00000017/dl-Appsearch.optional_262233100800.apk has no usable artifacts
06-22 03:21:43.742  2345  2353 I artd    : GetBestInfo: /data/user_de/0/com.google.android.gms/app_chimera/m/00000016/dl-VisionOcr.optional_262233100000.apk has no usable artifacts
06-22 03:21:43.745  2345  2353 I artd    : GetBestInfo: /data/user_de/0/com.google.android.gms/app_chimera/m/00000007/MeasurementDynamite.apk has no usable artifacts
06-22 03:21:49.371  1070  1288 D SatelliteController: iisInCarrierRoamingNbIotNtn: satellite is disabled
06-22 03:21:50.865   931   931 I wpa_supplicant: wlan0: CTRL-EVENT-BEACON-LOSS 
06-22 03:21:53.381  7413  7413 W dumpsys : Thread Pool max thread count is 0. Cannot cache binder as linkToDeath cannot be implemented. serviceName: package
06-22 03:21:53.618  2345  2353 I artd    : GetBestInfo: odex next to the dex file (/data/app/~~pON8V_hcHgmLH65jhDQwWg==/com.google.android.gms-Ihe2HlPEBd53rTDuUD9DKA==/oat/x86_64/base.odex) is kOatUpToDate with filter 'speed-profile' executable 'false'
06-22 03:21:53.622  2345  2353 I artd    : GetBestInfo: odex next to the dex file (/data/app/~~pON8V_hcHgmLH65jhDQwWg==/com.google.android.gms-Ihe2HlPEBd53rTDuUD9DKA==/oat/x86_64/split_AdsDynamite_installtime.odex) is kOatUpToDate with filter 'speed' executable 'false'
06-22 03:21:53.625  2345  2353 I artd    : GetBestInfo: odex next to the dex file (/data/app/~~pON8V_hcHgmLH65jhDQwWg==/com.google.android.gms-Ihe2HlPEBd53rTDuUD9DKA==/oat/x86_64/split_CronetDynamite_installtime.odex) is kOatUpToDate with filter 'speed' executable 'false'
06-22 03:21:53.630  2345  2353 I artd    : GetBestInfo: odex next to the dex file (/data/app/~~pON8V_hcHgmLH65jhDQwWg==/com.google.android.gms-Ihe2HlPEBd53rTDuUD9DKA==/oat/x86_64/split_DynamiteLoader_installtime.odex) is kOatUpToDate with filter 'speed' executable 'false'
06-22 03:21:53.634  2345  2353 I artd    : GetBestInfo: odex next to the dex file (/data/app/~~pON8V_hcHgmLH65jhDQwWg==/com.google.android.gms-Ihe2HlPEBd53rTDuUD9DKA==/oat/x86_64/split_DynamiteModulesA_installtime.odex) is kOatUpToDate with filter 'speed' executable 'false'
06-22 03:21:53.638  2345  2345 I artd    : GetBestInfo: odex next to the dex file (/data/app/~~pON8V_hcHgmLH65jhDQwWg==/com.google.android.gms-Ihe2HlPEBd53rTDuUD9DKA==/oat/x86_64/split_DynamiteModulesC_installtime.odex) is kOatUpToDate with filter 'speed' executable 'false'
06-22 03:21:53.642  2345  2353 I artd    : GetBestInfo: odex next to the dex file (/data/app/~~pON8V_hcHgmLH65jhDQwWg==/com.google.android.gms-Ihe2HlPEBd53rTDuUD9DKA==/oat/x86_64/split_GoogleCertificates_installtime.odex) is kOatUpToDate with filter 'speed' executable 'false'
06-22 03:21:53.645  2345  2353 I artd    : GetBestInfo: odex next to the dex file (/data/app/~~pON8V_hcHgmLH65jhDQwWg==/com.google.android.gms-Ihe2HlPEBd53rTDuUD9DKA==/oat/x86_64/split_MapsDynamite_installtime.odex) is kOatUpToDate with filter 'speed' executable 'false'
06-22 03:21:53.649  2345  2353 I artd    : GetBestInfo: odex next to the dex file (/data/app/~~pON8V_hcHgmLH65jhDQwWg==/com.google.android.gms-Ihe2HlPEBd53rTDuUD9DKA==/oat/x86_64/split_MeasurementDynamite_installtime.odex) is kOatUpToDate with filter 'speed' executable 'false'
06-22 03:21:53.650  2345  2353 I artd    : GetBestInfo: /data/user_de/0/com.google.android.gms/app_chimera/m/00000001/CronetDynamite.apk has no usable artifacts
06-22 03:21:53.652  2345  2353 I artd    : GetBestInfo: /data/user_de/0/com.google.android.gms/app_chimera/m/00000014/dl-MlkitOcrCommon.optional_262233100800.apk has no usable artifacts
06-22 03:21:53.653  2345  2353 I artd    : GetBestInfo: /data/user_de/0/com.google.android.gms/app_chimera/m/00000002/DynamiteLoader.apk has no usable artifacts
06-22 03:21:53.655  2345  2353 I artd    : GetBestInfo: /data/user_de/0/com.google.android.gms/app_chimera/m/00000005/GoogleCertificates.apk has no usable artifacts
06-22 03:21:53.658  2345  2353 I artd    : GetBestInfo: /data/user_de/0/com.google.android.gms/app_chimera/m/00000013/dl-MlkitBarcodeUi.optional_262233100800.apk has no usable artifacts
06-22 03:21:53.661  2345  2353 I artd    : GetBestInfo: /data/user_de/0/com.google.android.gms/app_chimera/m/00000008/dl-MlkitBarcodeUi.optional_250834100800.apk has no usable artifacts
06-22 03:21:53.664  2345  2353 I artd    : GetBestInfo: /data/user_de/0/com.google.android.gms/app_chimera/m/00000019/dl-IdentityCredentialsPlatform.optional_262233100800.apk has no usable artifacts
06-22 03:21:53.666  2345  2353 I artd    : GetBestInfo: /data/user_de/0/com.google.android.gms/app_chimera/m/00000015/dl-PlayCloudSearch.optional_262233100000.apk has no usable artifacts
06-22 03:21:53.669  2345  2353 I artd    : GetBestInfo: /data/user_de/0/com.google.android.gms/app_chimera/m/0000000a/dl-Appsearch.optional_250834100800.apk has no usable artifacts
06-22 03:21:53.673  2345  2353 I artd    : GetBestInfo: /data/user_de/0/com.google.android.gms/app_chimera/m/0000000c/dl-TfliteDynamiteDynamite.integ_260580502100800.apk has no usable artifacts
06-22 03:21:53.677  2345  2353 I artd    : GetBestInfo: vdex next to the dex file (/data/user/0/com.google.android.gms/app_dg_cache/9BCBC14EE674B00B958D4B0C5B4BD883630AA39E/oat/x86_64/the.vdex) is kOatUpToDate with filter 'verify' executable 'false'
06-22 03:21:53.679  2345  2353 I artd    : GetBestInfo: /data/user_de/0/com.google.android.gms/app_chimera/m/00000017/dl-Appsearch.optional_262233100800.apk has no usable artifacts
06-22 03:21:53.682  2345  2353 I artd    : GetBestInfo: /data/user_de/0/com.google.android.gms/app_chimera/m/00000016/dl-VisionOcr.optional_262233100000.apk has no usable artifacts
06-22 03:21:53.683  2345  2353 I artd    : GetBestInfo: /data/user_de/0/com.google.android.gms/app_chimera/m/00000007/MeasurementDynamite.apk has no usable artifacts
06-22 03:21:58.800   931   931 I wpa_supplicant: wlan0: CTRL-EVENT-BEACON-LOSS 
06-22 03:21:59.370  1070  1288 D SatelliteController: iisInCarrierRoamingNbIotNtn: satellite is disabled
06-22 03:22:03.389  7416  7416 W dumpsys : Thread Pool max thread count is 0. Cannot cache binder as linkToDeath cannot be implemented. serviceName: package
06-22 03:22:03.827  2345  2353 I artd    : GetBestInfo: odex next to the dex file (/data/app/~~pON8V_hcHgmLH65jhDQwWg==/com.google.android.gms-Ihe2HlPEBd53rTDuUD9DKA==/oat/x86_64/base.odex) is kOatUpToDate with filter 'speed-profile' executable 'false'
06-22 03:22:03.832  2345  2353 I artd    : GetBestInfo: odex next to the dex file (/data/app/~~pON8V_hcHgmLH65jhDQwWg==/com.google.android.gms-Ihe2HlPEBd53rTDuUD9DKA==/oat/x86_64/split_AdsDynamite_installtime.odex) is kOatUpToDate with filter 'speed' executable 'false'
06-22 03:22:03.837  2345  2353 I artd    : GetBestInfo: odex next to the dex file (/data/app/~~pON8V_hcHgmLH65jhDQwWg==/com.google.android.gms-Ihe2HlPEBd53rTDuUD9DKA==/oat/x86_64/split_CronetDynamite_installtime.odex) is kOatUpToDate with filter 'speed' executable 'false'
06-22 03:22:03.840  2345  2353 I artd    : GetBestInfo: odex next to the dex file (/data/app/~~pON8V_hcHgmLH65jhDQwWg==/com.google.android.gms-Ihe2HlPEBd53rTDuUD9DKA==/oat/x86_64/split_DynamiteLoader_installtime.odex) is kOatUpToDate with filter 'speed' executable 'false'
06-22 03:22:03.850  2345  2345 I artd    : GetBestInfo: odex next to the dex file (/data/app/~~pON8V_hcHgmLH65jhDQwWg==/com.google.android.gms-Ihe2HlPEBd53rTDuUD9DKA==/oat/x86_64/split_DynamiteModulesA_installtime.odex) is kOatUpToDate with filter 'speed' executable 'false'
06-22 03:22:03.853  2345  2345 I artd    : GetBestInfo: odex next to the dex file (/data/app/~~pON8V_hcHgmLH65jhDQwWg==/com.google.android.gms-Ihe2HlPEBd53rTDuUD9DKA==/oat/x86_64/split_DynamiteModulesC_installtime.odex) is kOatUpToDate with filter 'speed' executable 'false'
06-22 03:22:03.857  2345  2345 I artd    : GetBestInfo: odex next to the dex file (/data/app/~~pON8V_hcHgmLH65jhDQwWg==/com.google.android.gms-Ihe2HlPEBd53rTDuUD9DKA==/oat/x86_64/split_GoogleCertificates_installtime.odex) is kOatUpToDate with filter 'speed' executable 'false'
06-22 03:22:03.861  2345  2353 I artd    : GetBestInfo: odex next to the dex file (/data/app/~~pON8V_hcHgmLH65jhDQwWg==/com.google.android.gms-Ihe2HlPEBd53rTDuUD9DKA==/oat/x86_64/split_MapsDynamite_installtime.odex) is kOatUpToDate with filter 'speed' executable 'false'
06-22 03:22:03.865  2345  2345 I artd    : GetBestInfo: odex next to the dex file (/data/app/~~pON8V_hcHgmLH65jhDQwWg==/com.google.android.gms-Ihe2HlPEBd53rTDuUD9DKA==/oat/x86_64/split_MeasurementDynamite_installtime.odex) is kOatUpToDate with filter 'speed' executable 'false'
06-22 03:22:03.867  2345  2353 I artd    : GetBestInfo: /data/user_de/0/com.google.android.gms/app_chimera/m/00000001/CronetDynamite.apk has no usable artifacts
06-22 03:22:03.870  2345  2353 I artd    : GetBestInfo: /data/user_de/0/com.google.android.gms/app_chimera/m/00000014/dl-MlkitOcrCommon.optional_262233100800.apk has no usable artifacts
06-22 03:22:03.873  2345  2353 I artd    : GetBestInfo: /data/user_de/0/com.google.android.gms/app_chimera/m/00000002/DynamiteLoader.apk has no usable artifacts
06-22 03:22:03.873  2345  2353 I artd    : GetBestInfo: /data/user_de/0/com.google.android.gms/app_chimera/m/00000005/GoogleCertificates.apk has no usable artifacts
06-22 03:22:03.876  2345  2353 I artd    : GetBestInfo: /data/user_de/0/com.google.android.gms/app_chimera/m/00000013/dl-MlkitBarcodeUi.optional_262233100800.apk has no usable artifacts
06-22 03:22:03.879  2345  2353 I artd    : GetBestInfo: /data/user_de/0/com.google.android.gms/app_chimera/m/00000008/dl-MlkitBarcodeUi.optional_250834100800.apk has no usable artifacts
06-22 03:22:03.882  2345  2353 I artd    : GetBestInfo: /data/user_de/0/com.google.android.gms/app_chimera/m/00000019/dl-IdentityCredentialsPlatform.optional_262233100800.apk has no usable artifacts
06-22 03:22:03.885  2345  2353 I artd    : GetBestInfo: /data/user_de/0/com.google.android.gms/app_chimera/m/00000015/dl-PlayCloudSearch.optional_262233100000.apk has no usable artifacts
06-22 03:22:03.889  2345  2353 I artd    : GetBestInfo: /data/user_de/0/com.google.android.gms/app_chimera/m/0000000a/dl-Appsearch.optional_250834100800.apk has no usable artifacts
06-22 03:22:03.891  2345  2353 I artd    : GetBestInfo: /data/user_de/0/com.google.android.gms/app_chimera/m/0000000c/dl-TfliteDynamiteDynamite.integ_260580502100800.apk has no usable artifacts
06-22 03:22:03.895   702   717 I system_server: Background concurrent mark compact GC freed 25MB AllocSpace bytes, 7(140KB) LOS objects, 43% free, 30MB/54MB, paused 4.380ms,6.511ms total 342.207ms
06-22 03:22:03.896  2345  2353 I artd    : GetBestInfo: vdex next to the dex file (/data/user/0/com.google.android.gms/app_dg_cache/9BCBC14EE674B00B958D4B0C5B4BD883630AA39E/oat/x86_64/the.vdex) is kOatUpToDate with filter 'verify' executable 'false'
06-22 03:22:03.898  2345  2353 I artd    : GetBestInfo: /data/user_de/0/com.google.android.gms/app_chimera/m/00000017/dl-Appsearch.optional_262233100800.apk has no usable artifacts
06-22 03:22:03.901  2345  2353 I artd    : GetBestInfo: /data/user_de/0/com.google.android.gms/app_chimera/m/00000016/dl-VisionOcr.optional_262233100000.apk has no usable artifacts
06-22 03:22:03.903  2345  2353 I artd    : GetBestInfo: /data/user_de/0/com.google.android.gms/app_chimera/m/00000007/MeasurementDynamite.apk has no usable artifacts
06-22 03:22:06.994   931   931 I wpa_supplicant: wlan0: CTRL-EVENT-BEACON-LOSS 
06-22 03:22:09.373  1070  1288 D SatelliteController: iisInCarrierRoamingNbIotNtn: satellite is disabled
06-22 03:22:13.394  7419  7419 W dumpsys : Thread Pool max thread count is 0. Cannot cache binder as linkToDeath cannot be implemented. serviceName: package
06-22 03:22:13.864  2345  2353 I artd    : GetBestInfo: odex next to the dex file (/data/app/~~pON8V_hcHgmLH65jhDQwWg==/com.google.android.gms-Ihe2HlPEBd53rTDuUD9DKA==/oat/x86_64/base.odex) is kOatUpToDate with filter 'speed-profile' executable 'false'
06-22 03:22:13.870  2345  2353 I artd    : GetBestInfo: odex next to the dex file (/data/app/~~pON8V_hcHgmLH65jhDQwWg==/com.google.android.gms-Ihe2HlPEBd53rTDuUD9DKA==/oat/x86_64/split_AdsDynamite_installtime.odex) is kOatUpToDate with filter 'speed' executable 'false'
06-22 03:22:13.875  2345  2353 I artd    : GetBestInfo: odex next to the dex file (/data/app/~~pON8V_hcHgmLH65jhDQwWg==/com.google.android.gms-Ihe2HlPEBd53rTDuUD9DKA==/oat/x86_64/split_CronetDynamite_installtime.odex) is kOatUpToDate with filter 'speed' executable 'false'
06-22 03:22:13.881  2345  2353 I artd    : GetBestInfo: odex next to the dex file (/data/app/~~pON8V_hcHgmLH65jhDQwWg==/com.google.android.gms-Ihe2HlPEBd53rTDuUD9DKA==/oat/x86_64/split_DynamiteLoader_installtime.odex) is kOatUpToDate with filter 'speed' executable 'false'
06-22 03:22:13.886  2345  2353 I artd    : GetBestInfo: odex next to the dex file (/data/app/~~pON8V_hcHgmLH65jhDQwWg==/com.google.android.gms-Ihe2HlPEBd53rTDuUD9DKA==/oat/x86_64/split_DynamiteModulesA_installtime.odex) is kOatUpToDate with filter 'speed' executable 'false'
06-22 03:22:13.891  2345  2353 I artd    : GetBestInfo: odex next to the dex file (/data/app/~~pON8V_hcHgmLH65jhDQwWg==/com.google.android.gms-Ihe2HlPEBd53rTDuUD9DKA==/oat/x86_64/split_DynamiteModulesC_installtime.odex) is kOatUpToDate with filter 'speed' executable 'false'
06-22 03:22:13.897  2345  2353 I artd    : GetBestInfo: odex next to the dex file (/data/app/~~pON8V_hcHgmLH65jhDQwWg==/com.google.android.gms-Ihe2HlPEBd53rTDuUD9DKA==/oat/x86_64/split_GoogleCertificates_installtime.odex) is kOatUpToDate with filter 'speed' executable 'false'
06-22 03:22:13.901  2345  2353 I artd    : GetBestInfo: odex next to the dex file (/data/app/~~pON8V_hcHgmLH65jhDQwWg==/com.google.android.gms-Ihe2HlPEBd53rTDuUD9DKA==/oat/x86_64/split_MapsDynamite_installtime.odex) is kOatUpToDate with filter 'speed' executable 'false'
06-22 03:22:13.905  2345  2353 I artd    : GetBestInfo: odex next to the dex file (/data/app/~~pON8V_hcHgmLH65jhDQwWg==/com.google.android.gms-Ihe2HlPEBd53rTDuUD9DKA==/oat/x86_64/split_MeasurementDynamite_installtime.odex) is kOatUpToDate with filter 'speed' executable 'false'
06-22 03:22:13.907  2345  2353 I artd    : GetBestInfo: /data/user_de/0/com.google.android.gms/app_chimera/m/00000001/CronetDynamite.apk has no usable artifacts
06-22 03:22:13.910  2345  2353 I artd    : GetBestInfo: /data/user_de/0/com.google.android.gms/app_chimera/m/00000014/dl-MlkitOcrCommon.optional_262233100800.apk has no usable artifacts
06-22 03:22:13.911  2345  2353 I artd    : GetBestInfo: /data/user_de/0/com.google.android.gms/app_chimera/m/00000002/DynamiteLoader.apk has no usable artifacts
06-22 03:22:13.912  2345  2353 I artd    : GetBestInfo: /data/user_de/0/com.google.android.gms/app_chimera/m/00000005/GoogleCertificates.apk has no usable artifacts
06-22 03:22:13.914  2345  2353 I artd    : GetBestInfo: /data/user_de/0/com.google.android.gms/app_chimera/m/00000013/dl-MlkitBarcodeUi.optional_262233100800.apk has no usable artifacts
06-22 03:22:13.920  2345  2353 I artd    : GetBestInfo: /data/user_de/0/com.google.android.gms/app_chimera/m/00000008/dl-MlkitBarcodeUi.optional_250834100800.apk has no usable artifacts
06-22 03:22:13.924  2345  2353 I artd    : GetBestInfo: /data/user_de/0/com.google.android.gms/app_chimera/m/00000019/dl-IdentityCredentialsPlatform.optional_262233100800.apk has no usable artifacts
06-22 03:22:13.928  2345  2353 I artd    : GetBestInfo: /data/user_de/0/com.google.android.gms/app_chimera/m/00000015/dl-PlayCloudSearch.optional_262233100000.apk has no usable artifacts
06-22 03:22:13.931  2345  2353 I artd    : GetBestInfo: /data/user_de/0/com.google.android.gms/app_chimera/m/0000000a/dl-Appsearch.optional_250834100800.apk has no usable artifacts
06-22 03:22:13.934  2345  2353 I artd    : GetBestInfo: /data/user_de/0/com.google.android.gms/app_chimera/m/0000000c/dl-TfliteDynamiteDynamite.integ_260580502100800.apk has no usable artifacts
06-22 03:22:13.938  2345  2353 I artd    : GetBestInfo: vdex next to the dex file (/data/user/0/com.google.android.gms/app_dg_cache/9BCBC14EE674B00B958D4B0C5B4BD883630AA39E/oat/x86_64/the.vdex) is kOatUpToDate with filter 'verify' executable 'false'
06-22 03:22:13.943  2345  2353 I artd    : GetBestInfo: /data/user_de/0/com.google.android.gms/app_chimera/m/00000017/dl-Appsearch.optional_262233100800.apk has no usable artifacts
06-22 03:22:13.946  2345  2353 I artd    : GetBestInfo: /data/user_de/0/com.google.android.gms/app_chimera/m/00000016/dl-VisionOcr.optional_262233100000.apk has no usable artifacts
06-22 03:22:13.949  2345  2353 I artd    : GetBestInfo: /data/user_de/0/com.google.android.gms/app_chimera/m/00000007/MeasurementDynamite.apk has no usable artifacts
06-22 03:22:14.930   931   931 I wpa_supplicant: wlan0: CTRL-EVENT-BEACON-LOSS 
06-22 03:22:19.373  1070  1288 D SatelliteController: iisInCarrierRoamingNbIotNtn: satellite is disabled
06-22 03:22:22.865   931   931 I wpa_supplicant: wlan0: CTRL-EVENT-BEACON-LOSS 
06-22 03:22:23.379  7422  7422 W dumpsys : Thread Pool max thread count is 0. Cannot cache binder as linkToDeath cannot be implemented. serviceName: package
06-22 03:22:23.893  2345  2353 I artd    : GetBestInfo: odex next to the dex file (/data/app/~~pON8V_hcHgmLH65jhDQwWg==/com.google.android.gms-Ihe2HlPEBd53rTDuUD9DKA==/oat/x86_64/base.odex) is kOatUpToDate with filter 'speed-profile' executable 'false'
06-22 03:22:23.902  2345  2353 I artd    : GetBestInfo: odex next to the dex file (/data/app/~~pON8V_hcHgmLH65jhDQwWg==/com.google.android.gms-Ihe2HlPEBd53rTDuUD9DKA==/oat/x86_64/split_AdsDynamite_installtime.odex) is kOatUpToDate with filter 'speed' executable 'false'
06-22 03:22:23.908  2345  2353 I artd    : GetBestInfo: odex next to the dex file (/data/app/~~pON8V_hcHgmLH65jhDQwWg==/com.google.android.gms-Ihe2HlPEBd53rTDuUD9DKA==/oat/x86_64/split_CronetDynamite_installtime.odex) is kOatUpToDate with filter 'speed' executable 'false'
06-22 03:22:23.913  2345  2353 I artd    : GetBestInfo: odex next to the dex file (/data/app/~~pON8V_hcHgmLH65jhDQwWg==/com.google.android.gms-Ihe2HlPEBd53rTDuUD9DKA==/oat/x86_64/split_DynamiteLoader_installtime.odex) is kOatUpToDate with filter 'speed' executable 'false'
06-22 03:22:23.920  2345  2353 I artd    : GetBestInfo: odex next to the dex file (/data/app/~~pON8V_hcHgmLH65jhDQwWg==/com.google.android.gms-Ihe2HlPEBd53rTDuUD9DKA==/oat/x86_64/split_DynamiteModulesA_installtime.odex) is kOatUpToDate with filter 'speed' executable 'false'
06-22 03:22:23.925  2345  2353 I artd    : GetBestInfo: odex next to the dex file (/data/app/~~pON8V_hcHgmLH65jhDQwWg==/com.google.android.gms-Ihe2HlPEBd53rTDuUD9DKA==/oat/x86_64/split_DynamiteModulesC_installtime.odex) is kOatUpToDate with filter 'speed' executable 'false'
06-22 03:22:23.931  2345  2353 I artd    : GetBestInfo: odex next to the dex file (/data/app/~~pON8V_hcHgmLH65jhDQwWg==/com.google.android.gms-Ihe2HlPEBd53rTDuUD9DKA==/oat/x86_64/split_GoogleCertificates_installtime.odex) is kOatUpToDate with filter 'speed' executable 'false'
06-22 03:22:23.936  2345  2353 I artd    : GetBestInfo: odex next to the dex file (/data/app/~~pON8V_hcHgmLH65jhDQwWg==/com.google.android.gms-Ihe2HlPEBd53rTDuUD9DKA==/oat/x86_64/split_MapsDynamite_installtime.odex) is kOatUpToDate with filter 'speed' executable 'false'
06-22 03:22:23.941  2345  2353 I artd    : GetBestInfo: odex next to the dex file (/data/app/~~pON8V_hcHgmLH65jhDQwWg==/com.google.android.gms-Ihe2HlPEBd53rTDuUD9DKA==/oat/x86_64/split_MeasurementDynamite_installtime.odex) is kOatUpToDate with filter 'speed' executable 'false'
06-22 03:22:23.943  2345  2353 I artd    : GetBestInfo: /data/user_de/0/com.google.android.gms/app_chimera/m/00000001/CronetDynamite.apk has no usable artifacts
06-22 03:22:23.947  2345  2353 I artd    : GetBestInfo: /data/user_de/0/com.google.android.gms/app_chimera/m/00000014/dl-MlkitOcrCommon.optional_262233100800.apk has no usable artifacts
06-22 03:22:23.949  2345  2353 I artd    : GetBestInfo: /data/user_de/0/com.google.android.gms/app_chimera/m/00000002/DynamiteLoader.apk has no usable artifacts
06-22 03:22:23.951  2345  2353 I artd    : GetBestInfo: /data/user_de/0/com.google.android.gms/app_chimera/m/00000005/GoogleCertificates.apk has no usable artifacts
06-22 03:22:23.956  2345  2353 I artd    : GetBestInfo: /data/user_de/0/com.google.android.gms/app_chimera/m/00000013/dl-MlkitBarcodeUi.optional_262233100800.apk has no usable artifacts
06-22 03:22:23.962  2345  2353 I artd    : GetBestInfo: /data/user_de/0/com.google.android.gms/app_chimera/m/00000008/dl-MlkitBarcodeUi.optional_250834100800.apk has no usable artifacts
06-22 03:22:23.969  2345  2353 I artd    : GetBestInfo: /data/user_de/0/com.google.android.gms/app_chimera/m/00000019/dl-IdentityCredentialsPlatform.optional_262233100800.apk has no usable artifacts
06-22 03:22:23.976  2345  2353 I artd    : GetBestInfo: /data/user_de/0/com.google.android.gms/app_chimera/m/00000015/dl-PlayCloudSearch.optional_262233100000.apk has no usable artifacts
06-22 03:22:23.981  2345  2353 I artd    : GetBestInfo: /data/user_de/0/com.google.android.gms/app_chimera/m/0000000a/dl-Appsearch.optional_250834100800.apk has no usable artifacts
06-22 03:22:23.986  2345  2353 I artd    : GetBestInfo: /data/user_de/0/com.google.android.gms/app_chimera/m/0000000c/dl-TfliteDynamiteDynamite.integ_260580502100800.apk has no usable artifacts
06-22 03:22:23.991  2345  2353 I artd    : GetBestInfo: vdex next to the dex file (/data/user/0/com.google.android.gms/app_dg_cache/9BCBC14EE674B00B958D4B0C5B4BD883630AA39E/oat/x86_64/the.vdex) is kOatUpToDate with filter 'verify' executable 'false'
06-22 03:22:23.996  2345  2353 I artd    : GetBestInfo: /data/user_de/0/com.google.android.gms/app_chimera/m/00000017/dl-Appsearch.optional_262233100800.apk has no usable artifacts
06-22 03:22:23.999  2345  2353 I artd    : GetBestInfo: /data/user_de/0/com.google.android.gms/app_chimera/m/00000016/dl-VisionOcr.optional_262233100000.apk has no usable artifacts
06-22 03:22:24.003  2345  2353 I artd    : GetBestInfo: /data/user_de/0/com.google.android.gms/app_chimera/m/00000007/MeasurementDynamite.apk has no usable artifacts
06-22 03:22:29.371  1070  1288 D SatelliteController: iisInCarrierRoamingNbIotNtn: satellite is disabled
06-22 03:22:30.801   931   931 I wpa_supplicant: wlan0: CTRL-EVENT-BEACON-LOSS 
06-22 03:22:33.528  7425  7425 W dumpsys : Thread Pool max thread count is 0. Cannot cache binder as linkToDeath cannot be implemented. serviceName: package
06-22 03:22:33.769  2345  2353 I artd    : GetBestInfo: odex next to the dex file (/data/app/~~pON8V_hcHgmLH65jhDQwWg==/com.google.android.gms-Ihe2HlPEBd53rTDuUD9DKA==/oat/x86_64/base.odex) is kOatUpToDate with filter 'speed-profile' executable 'false'
06-22 03:22:33.775  2345  2353 I artd    : GetBestInfo: odex next to the dex file (/data/app/~~pON8V_hcHgmLH65jhDQwWg==/com.google.android.gms-Ihe2HlPEBd53rTDuUD9DKA==/oat/x86_64/split_AdsDynamite_installtime.odex) is kOatUpToDate with filter 'speed' executable 'false'
06-22 03:22:33.780  2345  2353 I artd    : GetBestInfo: odex next to the dex file (/data/app/~~pON8V_hcHgmLH65jhDQwWg==/com.google.android.gms-Ihe2HlPEBd53rTDuUD9DKA==/oat/x86_64/split_CronetDynamite_installtime.odex) is kOatUpToDate with filter 'speed' executable 'false'
06-22 03:22:33.784  2345  2353 I artd    : GetBestInfo: odex next to the dex file (/data/app/~~pON8V_hcHgmLH65jhDQwWg==/com.google.android.gms-Ihe2HlPEBd53rTDuUD9DKA==/oat/x86_64/split_DynamiteLoader_installtime.odex) is kOatUpToDate with filter 'speed' executable 'false'
06-22 03:22:33.787  2345  2353 I artd    : GetBestInfo: odex next to the dex file (/data/app/~~pON8V_hcHgmLH65jhDQwWg==/com.google.android.gms-Ihe2HlPEBd53rTDuUD9DKA==/oat/x86_64/split_DynamiteModulesA_installtime.odex) is kOatUpToDate with filter 'speed' executable 'false'
06-22 03:22:33.790  2345  2353 I artd    : GetBestInfo: odex next to the dex file (/data/app/~~pON8V_hcHgmLH65jhDQwWg==/com.google.android.gms-Ihe2HlPEBd53rTDuUD9DKA==/oat/x86_64/split_DynamiteModulesC_installtime.odex) is kOatUpToDate with filter 'speed' executable 'false'
06-22 03:22:33.795  2345  2353 I artd    : GetBestInfo: odex next to the dex file (/data/app/~~pON8V_hcHgmLH65jhDQwWg==/com.google.android.gms-Ihe2HlPEBd53rTDuUD9DKA==/oat/x86_64/split_GoogleCertificates_installtime.odex) is kOatUpToDate with filter 'speed' executable 'false'
06-22 03:22:33.799  2345  2353 I artd    : GetBestInfo: odex next to the dex file (/data/app/~~pON8V_hcHgmLH65jhDQwWg==/com.google.android.gms-Ihe2HlPEBd53rTDuUD9DKA==/oat/x86_64/split_MapsDynamite_installtime.odex) is kOatUpToDate with filter 'speed' executable 'false'
06-22 03:22:33.802  2345  2353 I artd    : GetBestInfo: odex next to the dex file (/data/app/~~pON8V_hcHgmLH65jhDQwWg==/com.google.android.gms-Ihe2HlPEBd53rTDuUD9DKA==/oat/x86_64/split_MeasurementDynamite_installtime.odex) is kOatUpToDate with filter 'speed' executable 'false'
06-22 03:22:33.804  2345  2353 I artd    : GetBestInfo: /data/user_de/0/com.google.android.gms/app_chimera/m/00000001/CronetDynamite.apk has no usable artifacts
06-22 03:22:33.806  2345  2353 I artd    : GetBestInfo: /data/user_de/0/com.google.android.gms/app_chimera/m/00000014/dl-MlkitOcrCommon.optional_262233100800.apk has no usable artifacts
06-22 03:22:33.807  2345  2353 I artd    : GetBestInfo: /data/user_de/0/com.google.android.gms/app_chimera/m/00000002/DynamiteLoader.apk has no usable artifacts
06-22 03:22:33.808  2345  2353 I artd    : GetBestInfo: /data/user_de/0/com.google.android.gms/app_chimera/m/00000005/GoogleCertificates.apk has no usable artifacts
06-22 03:22:33.811  2345  2353 I artd    : GetBestInfo: /data/user_de/0/com.google.android.gms/app_chimera/m/00000013/dl-MlkitBarcodeUi.optional_262233100800.apk has no usable artifacts
06-22 03:22:33.814  2345  2353 I artd    : GetBestInfo: /data/user_de/0/com.google.android.gms/app_chimera/m/00000008/dl-MlkitBarcodeUi.optional_250834100800.apk has no usable artifacts
06-22 03:22:33.818  2345  2353 I artd    : GetBestInfo: /data/user_de/0/com.google.android.gms/app_chimera/m/00000019/dl-IdentityCredentialsPlatform.optional_262233100800.apk has no usable artifacts
06-22 03:22:33.822  2345  2353 I artd    : GetBestInfo: /data/user_de/0/com.google.android.gms/app_chimera/m/00000015/dl-PlayCloudSearch.optional_262233100000.apk has no usable artifacts
06-22 03:22:33.825  2345  2353 I artd    : GetBestInfo: /data/user_de/0/com.google.android.gms/app_chimera/m/0000000a/dl-Appsearch.optional_250834100800.apk has no usable artifacts
06-22 03:22:33.829  2345  2353 I artd    : GetBestInfo: /data/user_de/0/com.google.android.gms/app_chimera/m/0000000c/dl-TfliteDynamiteDynamite.integ_260580502100800.apk has no usable artifacts
06-22 03:22:33.833  2345  2353 I artd    : GetBestInfo: vdex next to the dex file (/data/user/0/com.google.android.gms/app_dg_cache/9BCBC14EE674B00B958D4B0C5B4BD883630AA39E/oat/x86_64/the.vdex) is kOatUpToDate with filter 'verify' executable 'false'
06-22 03:22:33.836  2345  2353 I artd    : GetBestInfo: /data/user_de/0/com.google.android.gms/app_chimera/m/00000017/dl-Appsearch.optional_262233100800.apk has no usable artifacts
06-22 03:22:33.839  2345  2353 I artd    : GetBestInfo: /data/user_de/0/com.google.android.gms/app_chimera/m/00000016/dl-VisionOcr.optional_262233100000.apk has no usable artifacts
06-22 03:22:33.841  2345  2353 I artd    : GetBestInfo: /data/user_de/0/com.google.android.gms/app_chimera/m/00000007/MeasurementDynamite.apk has no usable artifacts
06-22 03:22:38.994   931   931 I wpa_supplicant: wlan0: CTRL-EVENT-BEACON-LOSS 
06-22 03:22:39.373  1070  1288 D SatelliteController: iisInCarrierRoamingNbIotNtn: satellite is disabled
06-22 03:22:39.843  1540  2099 I bbax    : (REDACTED) getHotwordActive::active query: %s, watch: %s, devices connected: %s
06-22 03:22:43.337  7428  7428 W dumpsys : Thread Pool max thread count is 0. Cannot cache binder as linkToDeath cannot be implemented. serviceName: package
06-22 03:22:43.594  2345  2353 I artd    : GetBestInfo: odex next to the dex file (/data/app/~~pON8V_hcHgmLH65jhDQwWg==/com.google.android.gms-Ihe2HlPEBd53rTDuUD9DKA==/oat/x86_64/base.odex) is kOatUpToDate with filter 'speed-profile' executable 'false'
06-22 03:22:43.605  2345  2345 I artd    : GetBestInfo: odex next to the dex file (/data/app/~~pON8V_hcHgmLH65jhDQwWg==/com.google.android.gms-Ihe2HlPEBd53rTDuUD9DKA==/oat/x86_64/split_AdsDynamite_installtime.odex) is kOatUpToDate with filter 'speed' executable 'false'
06-22 03:22:43.609  2345  2345 I artd    : GetBestInfo: odex next to the dex file (/data/app/~~pON8V_hcHgmLH65jhDQwWg==/com.google.android.gms-Ihe2HlPEBd53rTDuUD9DKA==/oat/x86_64/split_CronetDynamite_installtime.odex) is kOatUpToDate with filter 'speed' executable 'false'
06-22 03:22:43.612  2345  2345 I artd    : GetBestInfo: odex next to the dex file (/data/app/~~pON8V_hcHgmLH65jhDQwWg==/com.google.android.gms-Ihe2HlPEBd53rTDuUD9DKA==/oat/x86_64/split_DynamiteLoader_installtime.odex) is kOatUpToDate with filter 'speed' executable 'false'
06-22 03:22:43.617  2345  2345 I artd    : GetBestInfo: odex next to the dex file (/data/app/~~pON8V_hcHgmLH65jhDQwWg==/com.google.android.gms-Ihe2HlPEBd53rTDuUD9DKA==/oat/x86_64/split_DynamiteModulesA_installtime.odex) is kOatUpToDate with filter 'speed' executable 'false'
06-22 03:22:43.621  2345  2345 I artd    : GetBestInfo: odex next to the dex file (/data/app/~~pON8V_hcHgmLH65jhDQwWg==/com.google.android.gms-Ihe2HlPEBd53rTDuUD9DKA==/oat/x86_64/split_DynamiteModulesC_installtime.odex) is kOatUpToDate with filter 'speed' executable 'false'
06-22 03:22:43.625  2345  2345 I artd    : GetBestInfo: odex next to the dex file (/data/app/~~pON8V_hcHgmLH65jhDQwWg==/com.google.android.gms-Ihe2HlPEBd53rTDuUD9DKA==/oat/x86_64/split_GoogleCertificates_installtime.odex) is kOatUpToDate with filter 'speed' executable 'false'
06-22 03:22:43.628  2345  2345 I artd    : GetBestInfo: odex next to the dex file (/data/app/~~pON8V_hcHgmLH65jhDQwWg==/com.google.android.gms-Ihe2HlPEBd53rTDuUD9DKA==/oat/x86_64/split_MapsDynamite_installtime.odex) is kOatUpToDate with filter 'speed' executable 'false'
06-22 03:22:43.632  2345  2345 I artd    : GetBestInfo: odex next to the dex file (/data/app/~~pON8V_hcHgmLH65jhDQwWg==/com.google.android.gms-Ihe2HlPEBd53rTDuUD9DKA==/oat/x86_64/split_MeasurementDynamite_installtime.odex) is kOatUpToDate with filter 'speed' executable 'false'
06-22 03:22:43.635  2345  2345 I artd    : GetBestInfo: /data/user_de/0/com.google.android.gms/app_chimera/m/00000001/CronetDynamite.apk has no usable artifacts
06-22 03:22:43.637  2345  2345 I artd    : GetBestInfo: /data/user_de/0/com.google.android.gms/app_chimera/m/00000014/dl-MlkitOcrCommon.optional_262233100800.apk has no usable artifacts
06-22 03:22:43.638  2345  2353 I artd    : GetBestInfo: /data/user_de/0/com.google.android.gms/app_chimera/m/00000002/DynamiteLoader.apk has no usable artifacts
06-22 03:22:43.639  2345  2353 I artd    : GetBestInfo: /data/user_de/0/com.google.android.gms/app_chimera/m/00000005/GoogleCertificates.apk has no usable artifacts
06-22 03:22:43.641  2345  2353 I artd    : GetBestInfo: /data/user_de/0/com.google.android.gms/app_chimera/m/00000013/dl-MlkitBarcodeUi.optional_262233100800.apk has no usable artifacts
06-22 03:22:43.644  2345  2353 I artd    : GetBestInfo: /data/user_de/0/com.google.android.gms/app_chimera/m/00000008/dl-MlkitBarcodeUi.optional_250834100800.apk has no usable artifacts
06-22 03:22:43.647  2345  2353 I artd    : GetBestInfo: /data/user_de/0/com.google.android.gms/app_chimera/m/00000019/dl-IdentityCredentialsPlatform.optional_262233100800.apk has no usable artifacts
06-22 03:22:43.649  2345  2353 I artd    : GetBestInfo: /data/user_de/0/com.google.android.gms/app_chimera/m/00000015/dl-PlayCloudSearch.optional_262233100000.apk has no usable artifacts
06-22 03:22:43.652  2345  2353 I artd    : GetBestInfo: /data/user_de/0/com.google.android.gms/app_chimera/m/0000000a/dl-Appsearch.optional_250834100800.apk has no usable artifacts
06-22 03:22:43.656  2345  2353 I artd    : GetBestInfo: /data/user_de/0/com.google.android.gms/app_chimera/m/0000000c/dl-TfliteDynamiteDynamite.integ_260580502100800.apk has no usable artifacts
06-22 03:22:43.660  2345  2353 I artd    : GetBestInfo: vdex next to the dex file (/data/user/0/com.google.android.gms/app_dg_cache/9BCBC14EE674B00B958D4B0C5B4BD883630AA39E/oat/x86_64/the.vdex) is kOatUpToDate with filter 'verify' executable 'false'
06-22 03:22:43.662  2345  2353 I artd    : GetBestInfo: /data/user_de/0/com.google.android.gms/app_chimera/m/00000017/dl-Appsearch.optional_262233100800.apk has no usable artifacts
06-22 03:22:43.665  2345  2353 I artd    : GetBestInfo: /data/user_de/0/com.google.android.gms/app_chimera/m/00000016/dl-VisionOcr.optional_262233100000.apk has no usable artifacts
06-22 03:22:43.668  2345  2353 I artd    : GetBestInfo: /data/user_de/0/com.google.android.gms/app_chimera/m/00000007/MeasurementDynamite.apk has no usable artifacts
06-22 03:22:46.939   931   931 I wpa_supplicant: wlan0: CTRL-EVENT-BEACON-LOSS 
--------- beginning of system
06-22 03:22:48.739   702   793 D ActivityManager: sync unfroze 3190 com.google.android.apps.safetyhub for 6
06-22 03:22:48.890   702  1237 W ProcessStats: Tracking association SourceState{5833f43 system/1000 ImpBg #3845} whose proc state 6 is better than process ProcessState{94eea4d com.google.android.apps.safetyhub/10144 pkg=com.google.android.apps.safetyhub} proc state 14 (3 skipped)
06-22 03:22:48.891  3190  3190 W TimedProcessReaper: Memory state is: 230
06-22 03:22:48.952   702  1237 D ActivityManager: sync unfroze 1594 com.google.android.gms for 6
06-22 03:22:49.089  1594  1594 D BoundBrokerSvc: onBind: Intent { act=com.google.android.gms.security.safebrowsing.SafeBrowsingGmsTaskBoundService.ACTION_TASK_READY dat=chimera-action:/... xflg=0x4 cmp=com.google.android.gms/.chimera.GmsInternalBoundBrokerService }
06-22 03:22:49.089  1594  1594 D BoundBrokerSvc: Loading bound service for intent: Intent { act=com.google.android.gms.security.safebrowsing.SafeBrowsingGmsTaskBoundService.ACTION_TASK_READY dat=chimera-action:/... xflg=0x4 cmp=com.google.android.gms/.chimera.GmsInternalBoundBrokerService }
06-22 03:22:49.093  1243  1243 D BoundBrokerSvc: onUnbind: Intent { act=com.google.android.gms.libs.gmscorelogger.service.START dat=chimera-action:/... xflg=0x4 cmp=com.google.android.gms/.chimera.PersistentDirectBootAwareApiService }
06-22 03:22:49.405  1243  7405 I NetworkScheduler.Stats: (REDACTED) Task %s/%s started execution. cause:%s exec_start_elapsed_seconds: %s
06-22 03:22:49.405  3190  3190 I Safetyhub.SyncManagerImpl: #sync(). Running Synclets and scheduling next sync.
06-22 03:22:49.407  1070  1288 D SatelliteController: iisInCarrierRoamingNbIotNtn: satellite is disabled
06-22 03:22:49.505  3190  3259 I Safetyhub.SyncManagerImpl: Running synclets: [SafetyHubDataSynclet]
06-22 03:22:49.534  3190  3311 I Safetyhub.SyncManagerImpl: Starting synclet: SafetyHubDataSynclet
06-22 03:22:49.783  1243  1243 D BoundBrokerSvc: onRebind: Intent { act=com.google.android.gms.common.telemetry.service.START dat=chimera-action:/... xflg=0x4 cmp=com.google.android.gms/.chimera.PersistentApiService }
06-22 03:22:49.841  3190  3200 W .apps.safetyhub: Reducing the number of considered missed Gc histogram windows from 294 to 100
06-22 03:22:50.114  3190  3261 I Safetyhub.SyncManagerImpl: Completed sync. Scheduling next wakeup
06-22 03:22:50.114  3190  3299 I Safetyhub.SyncManagerImpl: #sync() complete
06-22 03:22:50.114  3190  3261 I Safetyhub.SyncWorkManagerOneTimeScheduler: Scheduling next onetime WorkManager workers
06-22 03:22:50.131  3190  3299 I WM-WorkerWrapper: Worker result SUCCESS for Work [ id=ba063608-33d9-48a9-864b-048688ad931f, tags={ com.google.apps.tiktok.contrib.work.TikTokListenableWorker,com.google.apps.tiktok.sync.impl.workmanager.SyncWorker,TikTokWorker#com.google.apps.tiktok.sync.impl.workmanager.SyncWorker } ]
06-22 03:22:50.291   702   853 W IPCThreadState: Sending oneway calls to frozen process.
06-22 03:22:50.344   702   793 D ActivityManager: sync unfroze 1979 com.android.vending for 6
06-22 03:22:50.347   702   793 D ActivityManager: sync unfroze 2470 com.android.vending:background for 6
06-22 03:22:50.452  2470  2541 I Finsky:background: [41] Stats for Executor: bgExecutor wbt@cdeadfb[Running, pool size = 4, active threads = 0, queued tasks = 0, completed tasks = 218]
06-22 03:22:50.453  2470  2541 I Finsky:background: [41] Stats for Executor: LightweightExecutor wbt@ef4be18[Running, pool size = 3, active threads = 0, queued tasks = 0, completed tasks = 229]
06-22 03:22:50.454  2470  2541 I Finsky:background: [41] Stats for Executor: BlockingExecutor wbt@eb07071[Running, pool size = 0, active threads = 0, queued tasks = 0, completed tasks = 38]
06-22 03:22:50.521  1979  2202 I Finsky  : [41] Stats for Executor: BlockingExecutor wbt@df6ebf9[Running, pool size = 0, active threads = 0, queued tasks = 0, completed tasks = 371]
06-22 03:22:50.524  1979  2202 I Finsky  : [41] Stats for Executor: LightweightExecutor wbt@da8a99f[Running, pool size = 3, active threads = 0, queued tasks = 0, completed tasks = 1289]
06-22 03:22:50.541  3190  3299 I Safetyhub.SyncWorkManagerOneTimeScheduler: Successfully scheduled next onetime workers
06-22 03:22:50.550  1979  2202 I Finsky  : [41] Stats for Executor: bgExecutor wbt@1904908[Running, pool size = 4, active threads = 0, queued tasks = 0, completed tasks = 4482]
06-22 03:22:51.058  1979  1979 I Finsky  : [2] SCH: job service start with id 9391.
06-22 03:22:51.073  1979  1979 I Finsky  : [2] SCH: job service start with id 9262.
06-22 03:22:51.137  1243  7266 I NetworkScheduler.Stats: (REDACTED) Task %s/%s finished executing. cause:%s result: %s elapsed_millis: %s uptime_millis: %s exec_start_elapsed_seconds: %s
06-22 03:22:51.140  1594  1594 D BoundBrokerSvc: onUnbind: Intent { act=com.google.android.gms.security.safebrowsing.SafeBrowsingGmsTaskBoundService.ACTION_TASK_READY dat=chimera-action:/... xflg=0x4 cmp=com.google.android.gms/.chimera.GmsInternalBoundBrokerService }
06-22 03:22:51.223  2470  2470 I Finsky:background: [2] SCH: job service start with id 10047.
06-22 03:22:51.358  1979  7446 I Finsky  : [201] SCH: Satisfied jobs for 9391 are: 44-1027
06-22 03:22:51.391  1979  2327 I Finsky  : [64] SCH: no pending jobs to schedule.
06-22 03:22:51.565  2470  2601 I Finsky:background: [55] SCH: Scheduling phonesky job Id: 3-24, CT: 1782075635357, Constraints: [{ L: 0, D: 86400000, C: CHARGING_REQUIRED, I: IDLE_REQUIRED, N: NET_UNMETERED, B: BATTERY_ANY }]
06-22 03:22:51.566  2470  2601 I Finsky:background: [55] SCH: Scheduling phonesky job Id: 3-25, CT: 1782075635426, Constraints: [{ L: 0, D: 86400000, C: CHARGING_REQUIRED, I: IDLE_REQUIRED, N: NET_UNMETERED, B: BATTERY_ANY }]
06-22 03:22:51.792  1979  7441 I Finsky  : [200] SCH: Job 44-1027 starting
06-22 03:22:51.805  1979  7441 I Finsky  : [200] SCH: job service finished with id 9262.
06-22 03:22:51.837  1979  1979 I Finsky  : [2] WM::SCH: Logging work start for 44-1027
06-22 03:22:51.879  2470  2576 I Finsky:background: [48] SCH: Scheduling 1 system job(s)
06-22 03:22:51.896  2470  2576 I Finsky:background: [48] SCH: Scheduling system job Id: 10087, L: 0, D: 77863477, C: true, I: true, N: 2
06-22 03:22:51.949  2470  7445 I Finsky:background: [107] SCH: job service finished with id 10047.
06-22 03:22:52.266  1979  7449 I Finsky  : [203] [profile-inception]: Verifying installed by com.android.vending
06-22 03:22:52.364  1979  7449 I Finsky  : [203] [profile-inception]: AOT Compilation job started.
06-22 03:22:52.947  1979  7449 I Finsky  : [203] [profile-inception]: compilation exitValue=255
06-22 03:22:52.993  1979  7449 W Finsky  : [203] [profile-inception]: compilation failed, exitValue=255
06-22 03:22:53.009  1979  7449 I Finsky  : [203] SCH: jobFinished: 44-1027. TimeElapsed: 1191ms.
06-22 03:22:53.031  1979  7449 I Finsky  : [203] WM::SCH: Logging work end for 44-1027
06-22 03:22:53.134  1979  2334 I Finsky  : [65] SCH: Scheduling phonesky job Id: 10-79, CT: 1782075653186, Constraints: [{ L: 0, D: 86400000, C: CHARGING_NONE, I: IDLE_REQUIRED, N: NET_NONE, B: BATTERY_ANY }]
06-22 03:22:53.135  1979  2334 I Finsky  : [65] SCH: Scheduling phonesky job Id: 10-168, CT: 1782075653186, Constraints: [{ L: 0, D: 86400000, C: CHARGING_NONE, I: IDLE_REQUIRED, N: NET_NONE, B: BATTERY_ANY }]
06-22 03:22:53.157  1979  2299 I Finsky  : [57] SCH: Scheduling 1 system job(s)
